
2026-05-11 20:12:14 - INFO - ==================================================
2026-05-11 20:12:14 - INFO - PIPELINE STARTED
2026-05-11 20:12:14 - INFO - ==================================================
2026-05-11 20:12:14 - INFO - ==================================================
2026-05-11 20:12:14 - INFO - Starting Bronze Layer Load
2026-05-11 20:12:14 - INFO - ==================================================
2026-05-11 20:12:15 - INFO - Executing bronze.load_bronze...
2026-05-11 20:12:16 - INFO - Bronze layer loaded in 2.27 seconds
2026-05-11 20:12:16 - INFO - ==================================================
2026-05-11 20:12:16 - INFO - Starting Silver Layer Load
2026-05-11 20:12:16 - INFO - ==================================================
2026-05-11 20:12:16 - INFO - Executing silver.load_silver...
2026-05-11 20:12:18 - INFO - Silver layer loaded in 2.06 seconds
2026-05-11 20:12:18 - INFO - ==================================================
2026-05-11 20:12:18 - INFO - Starting Data Quality Validation
2026-05-11 20:12:18 - INFO - ==================================================
2026-05-11 20:12:18 - INFO - --- Validating Bronze Layer ---
2026-05-11 20:12:19 - INFO - --- Validating Silver Layer ---
2026-05-11 20:12:19 - INFO - --- Validating Gold Layer ---
2026-05-11 20:12:21 - INFO - ==================================================
2026-05-11 20:12:21 - INFO - ==================================================
2026-05-11 20:12:21 - INFO - PIPELINE COMPLETED in 6.76 seconds
